__tests__/calls/callService.test.ts(118,13): error TS2741: Property 'participantUids' is missing in type '{ id: string; scope: "dm"; conversationId: string; type: "audio"; status: "ringing"; callerId: string; callerName: string; participants: { "user-789": { odId: string; odname: string; displayName: string; ... 4 more ...; connectionState: "connecting"; }; }; createdAt: number; answeredAt: null; endedAt: null; }' but required in type 'Call'.
__tests__/calls/callService.test.ts(152,13): error TS2741: Property 'participantUids' is missing in type '{ id: string; scope: "dm"; conversationId: string; type: "video"; status: "ended"; callerId: string; callerName: string; participants: {}; createdAt: number; answeredAt: number; endedAt: number; duration: number; }' but required in type 'Call'.
__tests__/gamesV4/adapters/brickBreaker.test.ts(80,22): error TS2722: Cannot invoke an object which is possibly 'undefined'.
__tests__/gamesV4/adapters/brickBreaker.test.ts(80,22): error TS18048: 'brickBreakerAdapter.validateMove' is possibly 'undefined'.
__tests__/gamesV4/adapters/brickBreaker.test.ts(103,22): error TS2722: Cannot invoke an object which is possibly 'undefined'.
__tests__/gamesV4/adapters/brickBreaker.test.ts(103,22): error TS18048: 'brickBreakerAdapter.validateMove' is possibly 'undefined'.
__tests__/gamesV4/adapters/brickBreaker.test.ts(124,27): error TS2722: Cannot invoke an object which is possibly 'undefined'.
__tests__/gamesV4/adapters/brickBreaker.test.ts(124,27): error TS18048: 'brickBreakerAdapter.validateMove' is possibly 'undefined'.
__tests__/gamesV4/adapters/brickBreaker.test.ts(134,28): error TS2722: Cannot invoke an object which is possibly 'undefined'.
__tests__/gamesV4/adapters/brickBreaker.test.ts(134,28): error TS18048: 'brickBreakerAdapter.validateMove' is possibly 'undefined'.
__tests__/gamesV4/adapters/brickBreaker.test.ts(135,9): error TS2345: Argument of type 'Record<string, unknown> | undefined' is not assignable to parameter of type 'Record<string, unknown>'.
  Type 'undefined' is not assignable to type 'Record<string, unknown>'.
__tests__/gamesV4/adapters/brickBreaker.test.ts(163,27): error TS2722: Cannot invoke an object which is possibly 'undefined'.
__tests__/gamesV4/adapters/brickBreaker.test.ts(163,27): error TS18048: 'brickBreakerAdapter.validateMove' is possibly 'undefined'.
__tests__/gamesV4/adapters/brickBreaker.test.ts(172,28): error TS2722: Cannot invoke an object which is possibly 'undefined'.
__tests__/gamesV4/adapters/brickBreaker.test.ts(172,28): error TS18048: 'brickBreakerAdapter.validateMove' is possibly 'undefined'.
__tests__/gamesV4/adapters/brickBreaker.test.ts(173,9): error TS2345: Argument of type 'Record<string, unknown> | undefined' is not assignable to parameter of type 'Record<string, unknown>'.
  Type 'undefined' is not assignable to type 'Record<string, unknown>'.
__tests__/gamesV4/adapters/brickBreaker.test.ts(198,22): error TS2722: Cannot invoke an object which is possibly 'undefined'.
__tests__/gamesV4/adapters/brickBreaker.test.ts(198,22): error TS18048: 'brickBreakerAdapter.validateMove' is possibly 'undefined'.
__tests__/gamesV4/adapters/brickBreaker.test.ts(224,23): error TS2722: Cannot invoke an object which is possibly 'undefined'.
__tests__/gamesV4/adapters/brickBreaker.test.ts(224,23): error TS18048: 'brickBreakerAdapter.computeOutcome' is possibly 'undefined'.
__tests__/gamesV4/adapters/chess.test.ts(427,14): error TS18048: 'desc' is possibly 'undefined'.
__tests__/gamesV4/adapters/chess.test.ts(427,14): error TS2722: Cannot invoke an object which is possibly 'undefined'.
__tests__/gamesV4/adapters/chess.test.ts(428,14): error TS18048: 'desc' is possibly 'undefined'.
__tests__/gamesV4/adapters/chess.test.ts(428,14): error TS2722: Cannot invoke an object which is possibly 'undefined'.
__tests__/gamesV4/adapters/chess.test.ts(429,14): error TS18048: 'desc' is possibly 'undefined'.
__tests__/gamesV4/adapters/chess.test.ts(429,14): error TS2722: Cannot invoke an object which is possibly 'undefined'.
__tests__/gamesV4/adapters/sketchParty.test.ts(171,40): error TS2554: Expected 1 arguments, but got 2.
__tests__/gamesV4/adapters/sketchParty.test.ts(173,25): error TS2345: Argument of type 'WordEntry' is not assignable to parameter of type 'string'.
__tests__/gamesV4/chess/chessUIBugFixes.test.ts(137,11): error TS2740: Type '{ board: Board; sideToMove: "w"; castling: { wK: boolean; wQ: boolean; bK: boolean; bQ: boolean; }; enPassant: null; halfmoveClock: number; plyCount: number; positionHash: string; repetitionCounts: {}; pendingDrawOfferByUid: null; lastMove: null; terminal: null; }' is missing the following properties from type 'ChessPublicStateV1': schemaVersion, fullmoveNumber, capturesByUid, checksByUid, and 4 more.
__tests__/gamesV4/chess/chessUIBugFixes.test.ts(167,11): error TS2740: Type '{ board: Board; sideToMove: "w"; castling: { wK: boolean; wQ: boolean; bK: boolean; bQ: boolean; }; enPassant: null; halfmoveClock: number; plyCount: number; positionHash: string; repetitionCounts: {}; pendingDrawOfferByUid: null; lastMove: null; terminal: null; }' is missing the following properties from type 'ChessPublicStateV1': schemaVersion, fullmoveNumber, capturesByUid, checksByUid, and 4 more.
__tests__/gamesV4/chess/chessUIBugFixes.test.ts(201,11): error TS2740: Type '{ board: Board; sideToMove: "w"; castling: { wK: boolean; wQ: boolean; bK: boolean; bQ: boolean; }; enPassant: null; halfmoveClock: number; plyCount: number; positionHash: string; repetitionCounts: {}; pendingDrawOfferByUid: null; lastMove: null; terminal: null; }' is missing the following properties from type 'ChessPublicStateV1': schemaVersion, fullmoveNumber, capturesByUid, checksByUid, and 4 more.
__tests__/gamesV4/screens/play2048Integration.test.ts(243,12): error TS2722: Cannot invoke an object which is possibly 'undefined'.
docs/templates/new-game-v4/adapter_skeleton.ts(11,8): error TS2307: Cannot find module '../types' or its corresponding type declarations.
docs/templates/new-game-v4/adapter_skeleton.ts(12,52): error TS2307: Cannot find module '../types/common' or its corresponding type declarations.
docs/templates/new-game-v4/adapter_skeleton.ts(13,33): error TS2307: Cannot find module './registry' or its corresponding type declarations.
src/components/games/InviteBar.tsx(33,51): error TS2307: Cannot find module '@/hooks/useInviteBar' or its corresponding type declarations.
src/components/games/InviteBar.tsx(34,33): error TS2307: Cannot find module '@/services/gameInvites' or its corresponding type declarations.
src/components/games/InviteBar.tsx(39,31): error TS2307: Cannot find module './InviteBarItem' or its corresponding type declarations.
src/components/games/InviteBar.tsx(40,34): error TS2307: Cannot find module './InviteDebugPanel' or its corresponding type declarations.
src/components/games/InviteBar.tsx(228,23): error TS7006: Parameter 'entry' implicitly has an 'any' type.
src/components/games/InviteBar.tsx(243,16): error TS7006: Parameter 'e' implicitly has an 'any' type.
src/cosmetics/storeCurations.ts(163,5): error TS2322: Type '"NEW"' is not assignable to type '"LIMITED" | "BEST VALUE" | "POPULAR" | undefined'.
src/cosmetics/storeCurations.ts(174,5): error TS2322: Type '"NEW"' is not assignable to type '"LIMITED" | "BEST VALUE" | "POPULAR" | undefined'.
src/data/premiumProducts.ts(140,9): error TS2322: Type '"decoration"' is not assignable to type 'ExtendedCosmeticSlot'.
src/data/premiumProducts.ts(141,9): error TS2820: Type '"uncommon"' is not assignable to type 'ExtendedCosmeticRarity'. Did you mean '"common"'?
src/data/premiumProducts.ts(206,9): error TS2322: Type '"decoration"' is not assignable to type 'ExtendedCosmeticSlot'.
src/data/premiumProducts.ts(213,9): error TS2322: Type '"decoration"' is not assignable to type 'ExtendedCosmeticSlot'.
src/data/premiumProducts.ts(220,9): error TS2322: Type '"decoration"' is not assignable to type 'ExtendedCosmeticSlot'.
src/data/premiumProducts.ts(227,9): error TS2322: Type '"decoration"' is not assignable to type 'ExtendedCosmeticSlot'.
src/data/premiumProducts.ts(268,9): error TS2322: Type '"decoration"' is not assignable to type 'ExtendedCosmeticSlot'.
src/data/premiumProducts.ts(309,9): error TS2322: Type '"decoration"' is not assignable to type 'ExtendedCosmeticSlot'.
src/data/premiumProducts.ts(344,9): error TS2322: Type '"decoration"' is not assignable to type 'ExtendedCosmeticSlot'.
src/data/premiumProducts.ts(351,9): error TS2322: Type '"decoration"' is not assignable to type 'ExtendedCosmeticSlot'.
src/data/premiumProducts.ts(407,5): error TS2322: Type '"decoration"' is not assignable to type 'ExtendedCosmeticSlot'.
src/fonts/fontLoader.ts(73,26): error TS2345: Argument of type 'Record<string, unknown>' is not assignable to parameter of type 'string | Record<string, FontSource>'.
src/gamesV4/screens/GameLobbyScreenV4.tsx(591,22): error TS2352: Conversion of type 'GameInviteV4' to type 'Record<string, unknown>' may be a mistake because neither type sufficiently overlaps with the other. If this was intentional, convert the expression to 'unknown' first.
  Index signature for type 'string' is missing in type 'GameInviteV4'.
src/services/premiumShop.ts(244,5): error TS2322: Type '{ itemId: string; name: string; slot: string; rarity: CosmeticRarity; imagePath: string; }[]' is not assignable to type 'BundleItem[]'.
  Type '{ itemId: string; name: string; slot: string; rarity: CosmeticRarity; imagePath: string; }' is not assignable to type 'BundleItem'.
    Types of property 'slot' are incompatible.
      Type 'string' is not assignable to type 'ExtendedCosmeticSlot'.
